<solidity>
  <k>
    .K
  </k>
  <compile>
    <current-body>
      TestArraysContract
    </current-body>
    <ifaces>
      .IfaceCellMap
    </ifaces>
    <contracts>
      <contract>
        <contract-id>
          TestArraysContract
        </contract-id>
        <contract-state>
          arr |-> uint256 [ ]
          fixedSizeArr |-> uint256 [ 10 ]
        </contract-state>
        <contract-init>
          .List
        </contract-init>
        <contract-fns>
          <contract-fn>
            <contract-fn-id>
              arr
            </contract-fn-id>
            <contract-fn-visibility>
              public
            </contract-fn-visibility>
            <contract-fn-arg-types>
              ListItem ( uint256 )
            </contract-fn-arg-types>
            <contract-fn-param-names>
              ListItem ( $0 )
            </contract-fn-param-names>
            <contract-fn-return-types>
              ListItem ( uint256 [ ] )
            </contract-fn-return-types>
            <contract-fn-return-names>
              ListItem ( noId )
            </contract-fn-return-names>
            <contract-fn-payable>
              false
            </contract-fn-payable>
            <contract-fn-body>
              return arr [ $0 ] ;  .Statements
            </contract-fn-body>
          </contract-fn> <contract-fn>
            <contract-fn-id>
              constructor
            </contract-fn-id>
            <contract-fn-visibility>
              public
            </contract-fn-visibility>
            <contract-fn-arg-types>
              .List
            </contract-fn-arg-types>
            <contract-fn-param-names>
              .List
            </contract-fn-param-names>
            <contract-fn-return-types>
              .List
            </contract-fn-return-types>
            <contract-fn-return-names>
              .List
            </contract-fn-return-names>
            <contract-fn-payable>
              false
            </contract-fn-payable>
            <contract-fn-body>
              .Statements
            </contract-fn-body>
          </contract-fn>
        </contract-fns>
        <contract-events>
          .ContractEventCellMap
        </contract-events>
      </contract>
    </contracts>
  </compile>
  <exec>
    <msg-sender>
      1p160
    </msg-sender>
    <msg-value>
      0p256
    </msg-value>
    <tx-origin>
      1p160
    </tx-origin>
    <block-timestamp>
      0p256
    </block-timestamp>
    <this>
      2p160
    </this>
    <this-type>
      TestArraysContract
    </this-type>
    <env>
      .Map
    </env>
    <store>
      .Map
    </store>
    <call-stack>
      .List
    </call-stack>
    <live-contracts>
      <live-contract>
        <contract-address>
          2p160
        </contract-address>
        <contract-type>
          TestArraysContract
        </contract-type>
        <contract-storage>
          .Map
        </contract-storage>
      </live-contract>
    </live-contracts>
    <next-address>
      3p160
    </next-address>
  </exec>
</solidity>
