<solidity>
  <k>
    .K
  </k>
  <summarize>
    false
  </summarize>
  <compile>
    <current-body>
      BlockTest
    </current-body>
    <ifaces>
      .IfaceCellMap
    </ifaces>
    <contracts>
      <contract>
        <contract-id>
          BlockTest
        </contract-id>
        <contract-state>
          .Map
        </contract-state>
        <contract-init>
          .List
        </contract-init>
        <contract-fns>
          <contract-fn>
            <contract-fn-id>
              constructor
            </contract-fn-id>
            <contract-fn-visibility>
              public
            </contract-fn-visibility>
            <contract-fn-arg-types>
              .List
            </contract-fn-arg-types>
            <contract-fn-param-names>
              .List
            </contract-fn-param-names>
            <contract-fn-return-types>
              .List
            </contract-fn-return-types>
            <contract-fn-return-names>
              .List
            </contract-fn-return-names>
            <contract-fn-payable>
              false
            </contract-fn-payable>
            <contract-fn-body>
              bool x = false ;  { bool x = true ;  require ( x , "" , .TypedVals ) ;  .Statements }  if ( x ) { require ( false , "" , .TypedVals ) ;  .Statements }  .Statements
            </contract-fn-body>
          </contract-fn>
        </contract-fns>
        <contract-events>
          .ContractEventCellMap
        </contract-events>
      </contract>
    </contracts>
  </compile>
  <exec>
    <msg-sender>
      1p160
    </msg-sender>
    <msg-value>
      0p256
    </msg-value>
    <tx-origin>
      1p160
    </tx-origin>
    <block-timestamp>
      0p256
    </block-timestamp>
    <this>
      2p160
    </this>
    <this-type>
      BlockTest
    </this-type>
    <env>
      x |-> var ( 0 , bool )
    </env>
    <store>
      ListItem ( false )
      ListItem ( true )
    </store>
    <current-function>
      constructor
    </current-function>
    <call-stack>
      .List
    </call-stack>
    <live-contracts>
      <live-contract>
        <contract-address>
          2p160
        </contract-address>
        <contract-type>
          BlockTest
        </contract-type>
        <contract-storage>
          .Map
        </contract-storage>
      </live-contract>
    </live-contracts>
    <next-address>
      3p160
    </next-address>
  </exec>
</solidity>
