<solidity>
  <k>
    .K
  </k>
  <current-body>
    BoolTest
  </current-body>
  <ifaces>
    .IfaceCellMap
  </ifaces>
  <contracts>
    <contract>
      <contract-id>
        BoolTest
      </contract-id>
      <contract-state>
        .Map
      </contract-state>
      <contract-init>
        .List
      </contract-init>
      <contract-fns>
        <contract-fn>
          <contract-fn-id>
            constructor
          </contract-fn-id>
          <contract-fn-visibility>
            public
          </contract-fn-visibility>
          <contract-fn-arg-types>
            .List
          </contract-fn-arg-types>
          <contract-fn-param-names>
            .List
          </contract-fn-param-names>
          <contract-fn-return-types>
            .List
          </contract-fn-return-types>
          <contract-fn-return-names>
            .List
          </contract-fn-return-names>
          <contract-fn-body>
            bool x = true ;  if ( x || fail ( .TypedVals ) ) { .Statements } else { require ( false , "" , .TypedVals ) ;  .Statements }  if ( x && true ) { .Statements } else { require ( false , "" , .TypedVals ) ;  .Statements }  x = false ;  if ( x && fail ( .TypedVals ) ) { require ( false , "" , .TypedVals ) ;  .Statements }  if ( x || true ) { .Statements } else { require ( false , "" , .TypedVals ) ;  .Statements }  .Statements
          </contract-fn-body>
        </contract-fn> <contract-fn>
          <contract-fn-id>
            fail
          </contract-fn-id>
          <contract-fn-visibility>
            private
          </contract-fn-visibility>
          <contract-fn-arg-types>
            .List
          </contract-fn-arg-types>
          <contract-fn-param-names>
            .List
          </contract-fn-param-names>
          <contract-fn-return-types>
            .List
          </contract-fn-return-types>
          <contract-fn-return-names>
            .List
          </contract-fn-return-names>
          <contract-fn-body>
            require ( false , "" , .TypedVals ) ;  .Statements
          </contract-fn-body>
        </contract-fn>
      </contract-fns>
      <contract-events>
        .ContractEventCellMap
      </contract-events>
    </contract>
  </contracts>
  <exec>
    <msg-sender>
      1p160
    </msg-sender>
    <msg-value>
      0p256
    </msg-value>
    <tx-origin>
      1p160
    </tx-origin>
    <this>
      2p160
    </this>
    <this-type>
      BoolTest
    </this-type>
    <env>
      x |-> var ( 0 , bool )
    </env>
    <store>
      0 |-> false
    </store>
    <call-stack>
      .List
    </call-stack>
    <live-contracts>
      <live-contract>
        <contract-address>
          2p160
        </contract-address>
        <contract-type>
          BoolTest
        </contract-type>
        <contract-storage>
          .Map
        </contract-storage>
      </live-contract>
    </live-contracts>
    <events>
      .List
    </events>
    <next-address>
      3p160
    </next-address>
  </exec>
</solidity>
